// Jest Snapshot v1, https://goo.gl/fbAQLP

exports[`Render MapViewContainer component should render component 1`] = `
<View
  style={
    Object {
      "flex": 1,
    }
  }
>
  <View
    style={
      Array [
        Object {
          "flex": 1,
        },
        Object {
          "flexDirection": "row",
          "justifyContent": "space-around",
          "padding": 10,
        },
      ]
    }
  >
    <ActivityIndicator
      animating={true}
      color="#0000ff"
      hidesWhenStopped={true}
      size="large"
    />
  </View>
</View>
`;
